// Jest Snapshot v1, https://goo.gl/fbAQLP

exports[`component button render button 1`] = `
<DocumentFragment>
  <button
    class="base_button"
  />
</DocumentFragment>
`;
